<h1>hello world</h1><p>This is a description oopsss</p>Tags: <ul><li>go</li><li>tdd</li></ul>